// Jest Snapshot v1, https://goo.gl/fbAQLP

exports[`Renders Navbar component correctly 1`] = `
Array [
  <nav
    className="navbar"
  >
    <h1>
      <a
        className="logo"
        href="/home"
        onClick={[Function]}
      >
        Math Magicians
      </a>
    </h1>
    <ul>
      <li>
        <a
          href="/home"
          onClick={[Function]}
        >
          Home
        </a>
      </li>
      <li>
        <a
          href="/calculator"
          onClick={[Function]}
        >
          Calculator
        </a>
      </li>
      <li>
        <a
          href="/quote"
          onClick={[Function]}
        >
          Quote
        </a>
      </li>
    </ul>
  </nav>,
  " ",
]
`;
